// Jest Snapshot v1, https://goo.gl/fbAQLP

exports[`Cell: snapshot test 1`] = `
<div
  className="cell disabled-cell"
  onClick={[Function]}
>
  X
</div>
`;
